#
# There is insufficient memory for the Java Runtime Environment to continue.
# Native memory allocation (mmap) failed to map 8589934592 bytes. Error detail: Cannot commit heap memory
# Possible reasons:
#   The system is out of physical RAM or swap space
#   This process is running with CompressedOops enabled, and the Java Heap may be blocking the growth of the native heap
# Possible solutions:
#   Reduce memory load on the system
#   Increase physical memory or swap space
#   Check if swap backing store is full
#   Decrease Java heap size (-Xmx/-Xms)
#   Decrease number of Java threads
#   Decrease Java thread stack sizes (-Xss)
#   Set larger code cache with -XX:ReservedCodeCacheSize=
#   JVM is running with Zero Based Compressed Oops mode in which the Java heap is
#     placed in the first 32GB address space. The Java Heap base address is the
#     maximum limit for the native heap growth. Please use -XX:HeapBaseMinAddress
#     to set the Java Heap base and to place the Java Heap above 32GB virtual address.
# This output file may be truncated or incomplete.
#
#  Out of Memory Error (os_windows.cpp:3618), pid=6372, tid=7924
#
# JRE version:  (17.0.19+10) (build )
# Java VM: OpenJDK 64-Bit Server VM (17.0.19+10, mixed mode, sharing, tiered, compressed oops, compressed class ptrs, shenandoah gc, windows-amd64)
# No core dump will be written. Minidumps are not enabled by default on client versions of Windows
#

---------------  S U M M A R Y ------------

Command Line: -XX:+UseShenandoahGC -Xms8g -Xmx8g --add-modules=ALL-DEFAULT jdk.compiler/com.sun.tools.javac.launcher.Main Java13FeatZGCEx.java

Host: 11th Gen Intel(R) Core(TM) i5-1135G7 @ 2.40GHz, 8 cores, 3G,  Windows 11 , 64 bit Build 26100 (10.0.26100.7653)
Time: Thu Sep 10 10:54:08 2026 India Standard Time elapsed time: 0.258989 seconds (0d 0h 0m 0s)

---------------  T H R E A D  ---------------

Current thread (0x0000022995581150):  JavaThread "Unknown thread" [_thread_in_vm, id=7924, stack(0x000000db46800000,0x000000db46900000)]

Stack: [0x000000db46800000,0x000000db46900000]
Native frames: (J=compiled Java code, j=interpreted, Vv=VM code, C=native code)
V  [jvm.dll+0x684b29]
V  [jvm.dll+0x83a2d5]
V  [jvm.dll+0x83bd4e]
V  [jvm.dll+0x83c3d3]
V  [jvm.dll+0x24905f]
V  [jvm.dll+0x6818e9]
V  [jvm.dll+0x6766ea]
V  [jvm.dll+0x72097e]
V  [jvm.dll+0x80d19b]
V  [jvm.dll+0x36eba1]
V  [jvm.dll+0x7ebd75]
V  [jvm.dll+0x3f47ab]
V  [jvm.dll+0x3f6291]
C  [jli.dll+0x52dc]
C  [ucrtbase.dll+0x37b0]
C  [KERNEL32.DLL+0x2e8d7]
C  [ntdll.dll+0x8c40c]


---------------  P R O C E S S  ---------------

Threads class SMR info:
_java_thread_list=0x00007ffc1fa38f58, length=0, elements={
}

Java Threads: ( => current thread )

Other Threads:
  0x0000022994ce5490 GCTaskThread "Shenandoah GC Threads#0" [stack: 0x000000db46900000,0x000000db46a00000] [id=2584]
  0x0000022994ce59b0 Thread "Safepoint Cleanup Thread#0" [stack: 0x000000db46a00000,0x000000db46b00000] [id=9624]

=>0x0000022995581150 (exited) JavaThread "Unknown thread" [_thread_in_vm, id=7924, stack(0x000000db46800000,0x000000db46900000)]

Threads with active compile tasks:

VM state: not at safepoint (not fully initialized)

VM Mutex/Monitor currently owned by a thread: None

Heap address: 0x0000000600000000, size: 8192 MB, Compressed Oops mode: Zero based, Oop shift amount: 3

CDS archive(s) mapped at: [0x0000000000000000-0x0000000000000000-0x0000000000000000), size 0, SharedBaseAddress: 0x0000000800000000, ArchiveRelocationMode: 1.
Narrow klass base: 0x0000000000000000, Narrow klass shift: 0, Narrow klass range: 0x0

GC Precious Log:
<Empty>

Heap:
Shenandoah Heap
 8192M max, 8192M soft max, 8192M committed, 0B used
 2048 x 4096K regions
Status: not cancelled
Reserved region:
 - [0x0000000600000000, 0x0000000800000000) 
Collection set:
 (NULL)


[error occurred during error reporting (printing heap information), id 0xc0000005, EXCEPTION_ACCESS_VIOLATION (0xc0000005) at pc=0x00007ffc1f5de139]

GC Heap History (0 events):
No events

Dll operation events (1 events):
Event: 0.219 Loaded shared library D:\Program Files\Eclipse Adoptium\bin\java.dll

Deoptimization events (0 events):
No events

Classes loaded (0 events):
No events

Classes unloaded (0 events):
No events

Classes redefined (0 events):
No events

Internal exceptions (0 events):
No events

VM Operations (0 events):
No events

Memory protections (0 events):
No events

Nmethod flushes (0 events):
No events

Events (0 events):
No events


Dynamic libraries:
0x00007ff6be340000 - 0x00007ff6be34e000 	D:\Program Files\Eclipse Adoptium\bin\java.exe
0x00007ffca0ac0000 - 0x00007ffca0d28000 	C:\WINDOWS\SYSTEM32\ntdll.dll
0x00007ffca00a0000 - 0x00007ffca0169000 	C:\WINDOWS\System32\KERNEL32.DLL
0x00007ffc9d9d0000 - 0x00007ffc9ddc1000 	C:\WINDOWS\System32\KERNELBASE.dll
0x00007ffc9d690000 - 0x00007ffc9d7db000 	C:\WINDOWS\System32\ucrtbase.dll
0x00007ffc85210000 - 0x00007ffc8522e000 	D:\Program Files\Eclipse Adoptium\bin\VCRUNTIME140.dll
0x00007ffc85510000 - 0x00007ffc85528000 	D:\Program Files\Eclipse Adoptium\bin\jli.dll
0x00007ffc9fdd0000 - 0x00007ffc9ff96000 	C:\WINDOWS\System32\USER32.dll
0x00007ffc9ddd0000 - 0x00007ffc9ddf7000 	C:\WINDOWS\System32\win32u.dll
0x00007ffc9f9d0000 - 0x00007ffc9f9fb000 	C:\WINDOWS\System32\GDI32.dll
0x00007ffc83650000 - 0x00007ffc838e3000 	C:\WINDOWS\WinSxS\amd64_microsoft.windows.common-controls_6595b64144ccf1df_6.0.26100.7653_none_3e0b88a0e3318624\COMCTL32.dll
0x00007ffc9e730000 - 0x00007ffc9e85b000 	C:\WINDOWS\System32\gdi32full.dll
0x00007ffc9d920000 - 0x00007ffc9d9c3000 	C:\WINDOWS\System32\msvcp_win.dll
0x00007ffc9efa0000 - 0x00007ffc9f049000 	C:\WINDOWS\System32\msvcrt.dll
0x00007ffc9fc90000 - 0x00007ffc9fcc1000 	C:\WINDOWS\System32\IMM32.DLL
0x00007ffc951e0000 - 0x00007ffc951ec000 	D:\Program Files\Eclipse Adoptium\bin\vcruntime140_1.dll
0x00007ffc57cc0000 - 0x00007ffc57d4d000 	D:\Program Files\Eclipse Adoptium\bin\msvcp140.dll
0x00007ffc1ef00000 - 0x00007ffc1fb6c000 	D:\Program Files\Eclipse Adoptium\bin\server\jvm.dll
0x00007ffc9eb50000 - 0x00007ffc9ec04000 	C:\WINDOWS\System32\ADVAPI32.dll
0x00007ffc9fac0000 - 0x00007ffc9fb66000 	C:\WINDOWS\System32\sechost.dll
0x00007ffc9fb70000 - 0x00007ffc9fc88000 	C:\WINDOWS\System32\RPCRT4.dll
0x00007ffc9e9e0000 - 0x00007ffc9ea54000 	C:\WINDOWS\System32\WS2_32.dll
0x00007ffc9d200000 - 0x00007ffc9d25e000 	C:\WINDOWS\SYSTEM32\POWRPROF.dll
0x00007ffc929a0000 - 0x00007ffc929d5000 	C:\WINDOWS\SYSTEM32\WINMM.dll
0x00007ffc96b90000 - 0x00007ffc96b9b000 	C:\WINDOWS\SYSTEM32\VERSION.dll
0x00007ffc9d1e0000 - 0x00007ffc9d1f4000 	C:\WINDOWS\SYSTEM32\UMPDC.dll
0x00007ffc9c150000 - 0x00007ffc9c16b000 	C:\WINDOWS\SYSTEM32\kernel.appcore.dll
0x00007ffc8d230000 - 0x00007ffc8d23a000 	D:\Program Files\Eclipse Adoptium\bin\jimage.dll
0x00007ffc9b4e0000 - 0x00007ffc9b722000 	C:\WINDOWS\SYSTEM32\DBGHELP.DLL
0x00007ffc9ec10000 - 0x00007ffc9ef96000 	C:\WINDOWS\System32\combase.dll
0x00007ffc9ea70000 - 0x00007ffc9eb47000 	C:\WINDOWS\System32\OLEAUT32.dll
0x00007ffc75aa0000 - 0x00007ffc75adb000 	C:\WINDOWS\SYSTEM32\dbgcore.DLL
0x00007ffc9d7e0000 - 0x00007ffc9d885000 	C:\WINDOWS\System32\bcryptPrimitives.dll
0x00007ffc7ccd0000 - 0x00007ffc7ccf5000 	D:\Program Files\Eclipse Adoptium\bin\java.dll

dbghelp: loaded successfully - version: 4.0.5 - missing functions: none
symbol engine: initialized successfully - sym options: 0x614 - pdb path: .;D:\Program Files\Eclipse Adoptium\bin;C:\WINDOWS\SYSTEM32;C:\WINDOWS\WinSxS\amd64_microsoft.windows.common-controls_6595b64144ccf1df_6.0.26100.7653_none_3e0b88a0e3318624;D:\Program Files\Eclipse Adoptium\bin\server

VM Arguments:
jvm_args: -XX:+UseShenandoahGC -Xms8g -Xmx8g --add-modules=ALL-DEFAULT 
java_command: jdk.compiler/com.sun.tools.javac.launcher.Main Java13FeatZGCEx.java
java_class_path (initial): .
Launcher Type: SUN_STANDARD

[Global flags]
     intx CICompilerCount                          = 4                                         {product} {ergonomic}
   size_t InitialHeapSize                          = 8589934592                                {product} {command line}
   size_t MaxHeapSize                              = 8589934592                                {product} {command line}
   size_t MinHeapDeltaBytes                        = 4194304                                   {product} {ergonomic}
   size_t MinHeapSize                              = 8589934592                                {product} {command line}
    uintx NonNMethodCodeHeapSize                   = 5839372                                {pd product} {ergonomic}
    uintx NonProfiledCodeHeapSize                  = 122909434                              {pd product} {ergonomic}
    uintx ProfiledCodeHeapSize                     = 122909434                              {pd product} {ergonomic}
    uintx ReservedCodeCacheSize                    = 251658240                              {pd product} {ergonomic}
     bool SegmentedCodeCache                       = true                                      {product} {ergonomic}
   size_t SoftMaxHeapSize                          = 8589934592                             {manageable} {ergonomic}
     bool UseCompressedClassPointers               = true                           {product lp64_product} {ergonomic}
     bool UseCompressedOops                        = true                           {product lp64_product} {ergonomic}
     bool UseLargePagesIndividualAllocation        = false                                  {pd product} {ergonomic}
     bool UseShenandoahGC                          = true                                      {product} {command line}

Logging:
Log output configuration:
 #0: stdout all=warning uptime,level,tags
 #1: stderr all=off uptime,level,tags

Environment Variables:
PATH=D:\Program Files\Eclipse Adoptium\bin;C:\Program Files\Eclipse Adoptium\jdk-21.0.11.10-hotspot\bin;C:\WINDOWS\system32;C:\WINDOWS;C:\WINDOWS\System32\Wbem;C:\WINDOWS\System32\WindowsPowerShell\v1.0\;C:\WINDOWS\System32\OpenSSH\;D:\Git\cmd;D:\maven\apache-maven-3.9.9\bin;C:\Users\gaura\Downloads\apache-maven-3.9.16-bin\apache-maven-3.9.16;D:\maven\apache-maven-3.9.9\bin;C:\Users\gaura\AppData\Local\Microsoft\WindowsApps;C:\Users\gaura\AppData\Local\Programs\Microsoft VS Code\bin;c:\Users\gaura\.vscode\extensions\vscjava.vscode-java-debug-0.59.0\bundled\scripts\noConfigScripts
USERNAME=gaura
LANG=en_US.UTF-8
OS=Windows_NT
PROCESSOR_IDENTIFIER=Intel64 Family 6 Model 140 Stepping 1, GenuineIntel
TMP=C:\Users\gaura\AppData\Local\Temp
TEMP=C:\Users\gaura\AppData\Local\Temp



Periodic native trim disabled


---------------  S Y S T E M  ---------------

OS:
 Windows 11 , 64 bit Build 26100 (10.0.26100.7653)
OS uptime: 0 days 2:04 hours
Hyper-V role detected

CPU: total 8 (initial active 8) (4 cores per cpu, 2 threads per core) family 6 model 140 stepping 1 microcode 0xb6, cx8, cmov, fxsr, ht, mmx, 3dnowpref, sse, sse2, sse3, ssse3, sse4.1, sse4.2, popcnt, lzcnt, tsc, tscinvbit, avx, avx2, aes, erms, clmul, bmi1, bmi2, adx, avx512f, avx512dq, avx512cd, avx512bw, avx512vl, sha, fma, vzeroupper, avx512_vpopcntdq, avx512_vpclmulqdq, avx512_vaes, avx512_vnni, clflush, clflushopt, clwb, avx512_vbmi2, avx512_vbmi, hv
Processor Information for all 8 processors :
  Max Mhz: 2419, Current Mhz: 2419, Mhz Limit: 2419

Memory: 4k page, system-wide physical 3790M (460M free)
TotalPageFile size 11214M (AvailPageFile size 3155M)
current process WorkingSet (physical memory assigned to process): 13M, peak: 13M
current process commit charge ("private bytes"): 12M, peak: 8204M

vm_info: OpenJDK 64-Bit Server VM (17.0.19+10) for windows-amd64 JRE (17.0.19+10), built on Apr 25 2026 08:04:44 by "admin" with MS VC++ 17.12 (VS2022)

END.
